........................................................................ [ 14%]
........................................................................ [ 29%]
........................................................................ [ 44%]
.................................F......................F............... [ 59%]
........................................................................ [ 74%]
........................................................................ [ 89%]
..................................................                       [100%]
================================== FAILURES ===================================
_______________ test_master_current_decision_separates_actions ________________

current = {'timestamp': Timestamp('2026-08-30 21:00:00+0000', tz='UTC'), 'symbol': 'BTCUSD', 'cycle': {'as_of': Timestamp('2026-..._term_value': np.float64(61.84), 'swing_opportunity': np.float64(61.84), 'technical_timing': 25, 'risk': 25, ...}, ...}

    def test_master_current_decision_separates_actions(current):
>       d=current["master"]["decision"];assert d["long_term_action"]=="ACCUMULATE" and d["new_entry_action"]=="ACCUMULATE" and d["existing_position_action"]=="HOLD"
                                        ^^^^^^^^^^^^^^^^^^^^^^^^^^^^^^^^^^^^^^^^^^^^^^^^^^^^^^^^^^^^^^^^^^^^^^^^^^^^^^^^^^^^^^^^^^^^^^^^^^^^^^^^^^^^^^^^^^^^^^^^^^^^
E       AssertionError: assert ('HOLD' == 'ACCUMULATE'
E         
E         - ACCUMULATE
E         + HOLD)

tests\test_master_30.py:36: AssertionError
______________ test_candidate_change_is_separate_from_production ______________

current = {'timestamp': Timestamp('2026-08-30 21:00:00+0000', tz='UTC'), 'symbol': 'BTCUSD', 'cycle': {'as_of': Timestamp('2026-..._term_value': np.float64(61.84), 'swing_opportunity': np.float64(61.84), 'technical_timing': 25, 'risk': 25, ...}, ...}

    def test_candidate_change_is_separate_from_production(current):
        previous=deepcopy(current);now=deepcopy(current);now["master"]["state"]["buy_candidate"]="NONE"
>       events=detect_events(now,previous);assert "MASTER_CANDIDATE_CHANGE" in events and "MASTER_PRODUCTION_SIGNAL" not in events
                                           ^^^^^^^^^^^^^^^^^^^^^^^^^^^^^^^^^^^^^^^^^^^^^^^^^^^^^^^^^^^^^^^^^^^^^^^^^^^^^^^^^^^^^^^
E       AssertionError: assert ('MASTER_CANDIDATE_CHANGE' in [])

tests\test_master_30.py:139: AssertionError
============================== warnings summary ===============================
.venv\Lib\site-packages\fastapi\testclient.py:1
  C:\TAKEOFF\.venv\Lib\site-packages\fastapi\testclient.py:1: StarletteDeprecationWarning: Using `httpx` with `starlette.testclient` is deprecated; install `httpx2` instead.
    from starlette.testclient import TestClient as TestClient  # noqa

-- Docs: https://docs.pytest.org/en/stable/how-to/capture-warnings.html
=========================== short test summary info ===========================
FAILED tests/test_master_30.py::test_master_current_decision_separates_actions
FAILED tests/test_master_30.py::test_candidate_change_is_separate_from_production
2 failed, 480 passed, 1 warning in 262.36s (0:04:22)
